#
# There is insufficient memory for the Java Runtime Environment to continue.
# Native memory allocation (malloc) failed to allocate 1048576 bytes. Error detail: AllocateHeap
# Possible reasons:
#   The system is out of physical RAM or swap space
#   This process is running with CompressedOops enabled, and the Java Heap may be blocking the growth of the native heap
# Possible solutions:
#   Reduce memory load on the system
#   Increase physical memory or swap space
#   Check if swap backing store is full
#   Decrease Java heap size (-Xmx/-Xms)
#   Decrease number of Java threads
#   Decrease Java thread stack sizes (-Xss)
#   Set larger code cache with -XX:ReservedCodeCacheSize=
#   JVM is running with Unscaled Compressed Oops mode in which the Java heap is
#     placed in the first 4GB address space. The Java Heap base address is the
#     maximum limit for the native heap growth. Please use -XX:HeapBaseMinAddress
#     to set the Java Heap base and to place the Java Heap above 4GB virtual address.
# This output file may be truncated or incomplete.
#
#  Out of Memory Error (allocation.cpp:44), pid=16176, tid=19676
#
# JRE version: OpenJDK Runtime Environment Temurin-21.0.9+10 (21.0.9+10) (build 21.0.9+10-LTS)
# Java VM: OpenJDK 64-Bit Server VM Temurin-21.0.9+10 (21.0.9+10-LTS, mixed mode, sharing, tiered, compressed oops, compressed class ptrs, parallel gc, windows-amd64)
# No core dump will be written. Minidumps are not enabled by default on client versions of Windows
#

---------------  S U M M A R Y ------------

Command Line: --add-modules=ALL-SYSTEM --add-opens=java.base/java.util=ALL-UNNAMED --add-opens=java.base/java.lang=ALL-UNNAMED --add-opens=java.base/sun.nio.fs=ALL-UNNAMED -Declipse.application=org.eclipse.jdt.ls.core.id1 -Dosgi.bundles.defaultStartLevel=4 -Declipse.product=org.eclipse.jdt.ls.core.product -Djava.import.generatesMetadataFilesAtProjectRoot=false -DDetectVMInstallationsJob.disabled=true -Dfile.encoding=utf8 -XX:+UseParallelGC -XX:GCTimeRatio=4 -XX:AdaptiveSizePolicyWeight=90 -Dsun.zip.disableMemoryMapping=true -Xmx2G -Xms100m -Xlog:disable -javaagent:c:\Users\HP\.trae\extensions\redhat.java-1.52.0-win32-x64\lombok\lombok-1.18.39-4050.jar -XX:+HeapDumpOnOutOfMemoryError -XX:HeapDumpPath=c:\Users\HP\AppData\Roaming\Trae\User\workspaceStorage\bbe77467eb377a852b20a3a7a26ae698\redhat.java -Daether.dependencyCollector.impl=bf c:\Users\HP\.trae\extensions\redhat.java-1.52.0-win32-x64\server\plugins\org.eclipse.equinox.launcher_1.7.100.v20251111-0406.jar -configuration c:\Users\HP\AppData\Roaming\Trae\User\globalStorage\redhat.java\1.52.0\config_win -data c:\Users\HP\AppData\Roaming\Trae\User\workspaceStorage\bbe77467eb377a852b20a3a7a26ae698\redhat.java\jdt_ws --pipe=\\.\pipe\lsp-4e9e015034d8c09d94bdda5bbfcc8b35-sock

Host: 12th Gen Intel(R) Core(TM) i3-1215U, 8 cores, 7G,  Windows 11 , 64 bit Build 26100 (10.0.26100.7705)
Time: Fri Feb 20 09:07:55 2026 Hora est. Pacífico, Sudamérica elapsed time: 3483.287700 seconds (0d 0h 58m 3s)

---------------  T H R E A D  ---------------

Current thread (0x000002351da38f80):  JavaThread "Attach Listener" daemon [_thread_in_vm, id=19676, stack(0x0000003757800000,0x0000003757900000) (1024K)]

Stack: [0x0000003757800000,0x0000003757900000]
Native frames: (J=compiled Java code, j=interpreted, Vv=VM code, C=native code)
V  [jvm.dll+0x6d6e29]
V  [jvm.dll+0x8b4b76]
V  [jvm.dll+0x8b712e]
V  [jvm.dll+0x8b7813]
V  [jvm.dll+0x283d86]
V  [jvm.dll+0xc1277]
V  [jvm.dll+0x6d76d9]
V  [jvm.dll+0x133466]
V  [jvm.dll+0x3f7ea6]
V  [jvm.dll+0x85e9ad]
V  [jvm.dll+0x6d565d]
C  [ucrtbase.dll+0x37b0]
C  [KERNEL32.DLL+0x2e8d7]
C  [ntdll.dll+0x8c40c]


---------------  P R O C E S S  ---------------

Threads class SMR info:
_java_thread_list=0x00000235672414f0, length=34, elements={
0x0000023506fc6c00, 0x000002350707b040, 0x000002351da34a70, 0x000002351da38330,
0x000002351da38f80, 0x000002351da43bd0, 0x000002351da44620, 0x000002351da473b0,
0x000002351da6dbb0, 0x00000235605901e0, 0x00000235606788e0, 0x0000023560987120,
0x0000023560ec2120, 0x0000023560380370, 0x0000023560ebf530, 0x0000023560898d60,
0x0000023560eb8620, 0x00000235653e3800, 0x0000023565e8ddd0, 0x0000023560dee6f0,
0x0000023560df14e0, 0x00000235670ca6f0, 0x00000235670cc7c0, 0x00000235670cbaa0,
0x00000235670cad80, 0x00000235670cc130, 0x00000235670cce50, 0x00000235670cd4e0,
0x00000235670ca060, 0x00000235670ce890, 0x00000235670cb410, 0x00000235670d0960,
0x00000235670d0ff0, 0x0000023560defaa0
}

Java Threads: ( => current thread )
  0x0000023506fc6c00 JavaThread "main"                              [_thread_blocked, id=13600, stack(0x0000003757100000,0x0000003757200000) (1024K)]
  0x000002350707b040 JavaThread "Reference Handler"          daemon [_thread_blocked, id=13636, stack(0x0000003757500000,0x0000003757600000) (1024K)]
  0x000002351da34a70 JavaThread "Finalizer"                  daemon [_thread_blocked, id=23248, stack(0x0000003757600000,0x0000003757700000) (1024K)]
  0x000002351da38330 JavaThread "Signal Dispatcher"          daemon [_thread_blocked, id=19804, stack(0x0000003757700000,0x0000003757800000) (1024K)]
=>0x000002351da38f80 JavaThread "Attach Listener"            daemon [_thread_in_vm, id=19676, stack(0x0000003757800000,0x0000003757900000) (1024K)]
  0x000002351da43bd0 JavaThread "Service Thread"             daemon [_thread_blocked, id=24816, stack(0x0000003757900000,0x0000003757a00000) (1024K)]
  0x000002351da44620 JavaThread "Monitor Deflation Thread"   daemon [_thread_blocked, id=11324, stack(0x0000003757a00000,0x0000003757b00000) (1024K)]
  0x000002351da473b0 JavaThread "C2 CompilerThread0"         daemon [_thread_blocked, id=29636, stack(0x0000003757b00000,0x0000003757c00000) (1024K)]
  0x000002351da6dbb0 JavaThread "C1 CompilerThread0"         daemon [_thread_blocked, id=15600, stack(0x0000003757c00000,0x0000003757d00000) (1024K)]
  0x00000235605901e0 JavaThread "Common-Cleaner"             daemon [_thread_blocked, id=21416, stack(0x0000003757d00000,0x0000003757e00000) (1024K)]
  0x00000235606788e0 JavaThread "Notification Thread"        daemon [_thread_blocked, id=26464, stack(0x0000003757e00000,0x0000003757f00000) (1024K)]
  0x0000023560987120 JavaThread "Active Thread: Equinox Container: a274e7db-3a7b-4bcd-8220-b28450ad54e0"        [_thread_blocked, id=13244, stack(0x0000003758500000,0x0000003758600000) (1024K)]
  0x0000023560ec2120 JavaThread "Refresh Thread: Equinox Container: a274e7db-3a7b-4bcd-8220-b28450ad54e0" daemon [_thread_blocked, id=2676, stack(0x0000003758700000,0x0000003758800000) (1024K)]
  0x0000023560380370 JavaThread "Framework Event Dispatcher: Equinox Container: a274e7db-3a7b-4bcd-8220-b28450ad54e0" daemon [_thread_blocked, id=9620, stack(0x0000003758800000,0x0000003758900000) (1024K)]
  0x0000023560ebf530 JavaThread "Start Level: Equinox Container: a274e7db-3a7b-4bcd-8220-b28450ad54e0" daemon [_thread_blocked, id=9280, stack(0x0000003758900000,0x0000003758a00000) (1024K)]
  0x0000023560898d60 JavaThread "Bundle File Closer"         daemon [_thread_blocked, id=19488, stack(0x0000003758b00000,0x0000003758c00000) (1024K)]
  0x0000023560eb8620 JavaThread "SCR Component Actor"        daemon [_thread_blocked, id=24208, stack(0x0000003756e00000,0x0000003756f00000) (1024K)]
  0x00000235653e3800 JavaThread "Worker-JM"                         [_thread_blocked, id=21308, stack(0x0000003756f00000,0x0000003757000000) (1024K)]
  0x0000023565e8ddd0 JavaThread "JNA Cleaner"                daemon [_thread_blocked, id=20452, stack(0x0000003758c00000,0x0000003758d00000) (1024K)]
  0x0000023560dee6f0 JavaThread "Worker-0"                          [_thread_blocked, id=12688, stack(0x0000003758d00000,0x0000003758e00000) (1024K)]
  0x0000023560df14e0 JavaThread "Java indexing"              daemon [_thread_blocked, id=24524, stack(0x0000003759000000,0x0000003759100000) (1024K)]
  0x00000235670ca6f0 JavaThread "Thread-1"                   daemon [_thread_in_native, id=27572, stack(0x0000003759400000,0x0000003759500000) (1024K)]
  0x00000235670cc7c0 JavaThread "Thread-2"                   daemon [_thread_in_native, id=26888, stack(0x0000003759500000,0x0000003759600000) (1024K)]
  0x00000235670cbaa0 JavaThread "Thread-3"                   daemon [_thread_in_native, id=12056, stack(0x0000003759600000,0x0000003759700000) (1024K)]
  0x00000235670cad80 JavaThread "Thread-4"                   daemon [_thread_in_native, id=11768, stack(0x0000003759700000,0x0000003759800000) (1024K)]
  0x00000235670cc130 JavaThread "Thread-5"                   daemon [_thread_in_native, id=16224, stack(0x0000003759800000,0x0000003759900000) (1024K)]
  0x00000235670cce50 JavaThread "Thread-6"                   daemon [_thread_in_native, id=14024, stack(0x0000003759900000,0x0000003759a00000) (1024K)]
  0x00000235670cd4e0 JavaThread "Thread-7"                   daemon [_thread_in_native, id=7540, stack(0x0000003759a00000,0x0000003759b00000) (1024K)]
  0x00000235670ca060 JavaThread "Thread-8"                   daemon [_thread_in_native, id=1324, stack(0x0000003759b00000,0x0000003759c00000) (1024K)]
  0x00000235670ce890 JavaThread "Thread-9"                   daemon [_thread_in_native, id=27116, stack(0x0000003759c00000,0x0000003759d00000) (1024K)]
  0x00000235670cb410 JavaThread "pool-2-thread-1"                   [_thread_blocked, id=7716, stack(0x0000003759f00000,0x000000375a000000) (1024K)]
  0x00000235670d0960 JavaThread "WorkspaceEventsHandler"            [_thread_blocked, id=21540, stack(0x000000375a100000,0x000000375a200000) (1024K)]
  0x00000235670d0ff0 JavaThread "pool-1-thread-1"                   [_thread_blocked, id=4580, stack(0x000000375a200000,0x000000375a300000) (1024K)]
  0x0000023560defaa0 JavaThread "Worker-6"                          [_thread_blocked, id=27468, stack(0x000000375a000000,0x000000375a100000) (1024K)]
Total: 34

Other Threads:
  0x000002351da330a0 VMThread "VM Thread"                           [id=19612, stack(0x0000003757400000,0x0000003757500000) (1024K)]
  0x000002351d94ca00 WatcherThread "VM Periodic Task Thread"        [id=1688, stack(0x0000003757300000,0x0000003757400000) (1024K)]
  0x0000023506fe5b30 WorkerThread "GC Thread#0"                     [id=14304, stack(0x0000003757200000,0x0000003757300000) (1024K)]
  0x0000023560a6c8a0 WorkerThread "GC Thread#1"                     [id=17216, stack(0x0000003757f00000,0x0000003758000000) (1024K)]
  0x00000235608f7570 WorkerThread "GC Thread#2"                     [id=11012, stack(0x0000003758000000,0x0000003758100000) (1024K)]
  0x0000023560a6cc40 WorkerThread "GC Thread#3"                     [id=27204, stack(0x0000003758100000,0x0000003758200000) (1024K)]
  0x0000023560a5e0a0 WorkerThread "GC Thread#4"                     [id=11640, stack(0x0000003758200000,0x0000003758300000) (1024K)]
  0x0000023560ca7ce0 WorkerThread "GC Thread#5"                     [id=10848, stack(0x0000003758300000,0x0000003758400000) (1024K)]
  0x0000023560ca8080 WorkerThread "GC Thread#6"                     [id=11296, stack(0x0000003758400000,0x0000003758500000) (1024K)]
  0x0000023560ee1360 WorkerThread "GC Thread#7"                     [id=26480, stack(0x0000003758600000,0x0000003758700000) (1024K)]
Total: 10

Threads with active compile tasks:
Total: 0

VM state: not at safepoint (normal execution)

VM Mutex/Monitor currently owned by a thread: None

Heap address: 0x0000000080000000, size: 2048 MB, Compressed Oops mode: 32-bit

CDS archive(s) mapped at: [0x000002351e000000-0x000002351eba0000-0x000002351eba0000), size 12189696, SharedBaseAddress: 0x000002351e000000, ArchiveRelocationMode: 1.
Compressed class space mapped at: 0x000002351f000000-0x000002355f000000, reserved size: 1073741824
Narrow klass base: 0x000002351e000000, Narrow klass shift: 0, Narrow klass range: 0x100000000

GC Precious Log:
 CardTable entry size: 512
 CPUs: 8 total, 8 available
 Memory: 7863M
 Large Page Support: Disabled
 NUMA Support: Disabled
 Compressed Oops: Enabled (32-bit)
 Alignments: Space 512K, Generation 512K, Heap 2M
 Heap Min Capacity: 100M
 Heap Initial Capacity: 100M
 Heap Max Capacity: 2G
 Pre-touch: Disabled
 Parallel Workers: 8

Heap:
 PSYoungGen      total 16896K, used 12897K [0x00000000d5580000, 0x00000000d7000000, 0x0000000100000000)
  eden space 13312K, 72% used [0x00000000d5580000,0x00000000d5ee07f0,0x00000000d6280000)
  from space 3584K, 91% used [0x00000000d6c80000,0x00000000d6fb8000,0x00000000d7000000)
  to   space 4608K, 0% used [0x00000000d6700000,0x00000000d6700000,0x00000000d6b80000)
 ParOldGen       total 228864K, used 228455K [0x0000000080000000, 0x000000008df80000, 0x00000000d5580000)
  object space 228864K, 99% used [0x0000000080000000,0x000000008df19fe8,0x000000008df80000)
 Metaspace       used 73738K, committed 75328K, reserved 1179648K
  class space    used 7861K, committed 8576K, reserved 1048576K

Card table byte_map: [0x0000023506960000,0x0000023506d70000] _byte_map_base: 0x0000023506560000

Marking Bits: (ParMarkBitMap*) 0x00007ffff1682460
 Begin Bits: [0x0000023519470000, 0x000002351b470000)
 End Bits:   [0x000002351b470000, 0x000002351d470000)

Polling page: 0x0000023504e60000

Metaspace:

Usage:
  Non-class:     64.33 MB used.
      Class:      7.68 MB used.
       Both:     72.01 MB used.

Virtual space:
  Non-class space:      128.00 MB reserved,      65.19 MB ( 51%) committed,  2 nodes.
      Class space:        1.00 GB reserved,       8.38 MB ( <1%) committed,  1 nodes.
             Both:        1.12 GB reserved,      73.56 MB (  6%) committed. 

Chunk freelists:
   Non-Class:  14.29 MB
       Class:  7.51 MB
        Both:  21.80 MB

MaxMetaspaceSize: unlimited
CompressedClassSpaceSize: 1.00 GB
Initial GC threshold: 21.00 MB
Current GC threshold: 97.31 MB
CDS: on
 - commit_granule_bytes: 65536.
 - commit_granule_words: 8192.
 - virtual_space_node_default_size: 8388608.
 - enlarge_chunks_in_place: 1.
 - use_allocation_guard: 0.


Internal statistics:

num_allocs_failed_limit: 9.
num_arena_births: 1340.
num_arena_deaths: 14.
num_vsnodes_births: 3.
num_vsnodes_deaths: 0.
num_space_committed: 1177.
num_space_uncommitted: 0.
num_chunks_returned_to_freelist: 23.
num_chunks_taken_from_freelist: 4810.
num_chunk_merges: 12.
num_chunk_splits: 2841.
num_chunks_enlarged: 1469.
num_inconsistent_stats: 0.

CodeHeap 'non-profiled nmethods': size=120000Kb used=9486Kb max_used=9486Kb free=110513Kb
 bounds [0x0000023511c90000, 0x00000235125e0000, 0x00000235191c0000]
CodeHeap 'profiled nmethods': size=120000Kb used=29566Kb max_used=29566Kb free=90433Kb
 bounds [0x000002350a1c0000, 0x000002350bea0000, 0x00000235116f0000]
CodeHeap 'non-nmethods': size=5760Kb used=1491Kb max_used=1551Kb free=4268Kb
 bounds [0x00000235116f0000, 0x0000023511960000, 0x0000023511c90000]
CodeCache: size=245760Kb, used=40543Kb, max_used=40603Kb, free=205214Kb
 total_blobs=13231, nmethods=12425, adapters=709, full_count=0
Compilation: enabled, stopped_count=0, restarted_count=0

Compilation events (20 events):
Event: 2946.302 Thread 0x000002351da6dbb0 13367       1       org.eclipse.osgi.internal.framework.EquinoxContainer::getStorage (5 bytes)
Event: 2946.308 Thread 0x000002351da6dbb0 nmethod 13367 0x00000235125d2f90 code [0x00000235125d3120, 0x00000235125d31e8]
Event: 3031.469 Thread 0x000002351da6dbb0 13368       1       java.io.InputStream::available (2 bytes)
Event: 3031.478 Thread 0x000002351da6dbb0 nmethod 13368 0x00000235125d3290 code [0x00000235125d3420, 0x00000235125d34e8]
Event: 3031.487 Thread 0x000002351da6dbb0 13369       3       org.eclipse.lsp4j.jsonrpc.util.LimitedInputStream::read (56 bytes)
Event: 3031.501 Thread 0x000002351da6dbb0 nmethod 13369 0x000002350be96510 code [0x000002350be966e0, 0x000002350be96a30]
Event: 3036.332 Thread 0x000002351da6dbb0 13370   !   3       java.util.concurrent.ScheduledThreadPoolExecutor$DelayedWorkQueue::take (203 bytes)
Event: 3036.408 Thread 0x000002351da6dbb0 nmethod 13370 0x000002350be96b90 code [0x000002350be96f40, 0x000002350be987c0]
Event: 3044.387 Thread 0x000002351da6dbb0 13371   !   3       java.util.concurrent.ScheduledThreadPoolExecutor$DelayedWorkQueue::offer (123 bytes)
Event: 3044.393 Thread 0x000002351da6dbb0 nmethod 13371 0x000002350be99310 code [0x000002350be99620, 0x000002350be9a9b0]
Event: 3044.393 Thread 0x000002351da6dbb0 13372       3       java.util.concurrent.ThreadPoolExecutor::ensurePrestart (41 bytes)
Event: 3044.401 Thread 0x000002351da6dbb0 nmethod 13372 0x000002350be9b210 code [0x000002350be9b3e0, 0x000002350be9b690]
Event: 3064.407 Thread 0x000002351da6dbb0 13373   !   3       java.util.concurrent.FutureTask::runAndReset (125 bytes)
Event: 3064.455 Thread 0x000002351da6dbb0 nmethod 13373 0x000002350be9b790 code [0x000002350be9bc00, 0x000002350be9e0b0]
Event: 3064.455 Thread 0x000002351da6dbb0 13374       3       java.util.concurrent.ScheduledThreadPoolExecutor$ScheduledFutureTask::setNextRunTime (38 bytes)
Event: 3064.457 Thread 0x000002351da6dbb0 nmethod 13374 0x000002350be9ec10 code [0x000002350be9edc0, 0x000002350be9f050]
Event: 3082.111 Thread 0x000002351da6dbb0 13376       1       org.eclipse.core.internal.jobs.InternalJob::setWaitQueueStamp (6 bytes)
Event: 3082.127 Thread 0x000002351da6dbb0 nmethod 13376 0x00000235125d3590 code [0x00000235125d3720, 0x00000235125d37e8]
Event: 3164.551 Thread 0x000002351da6dbb0 13377       3       java.util.concurrent.locks.AbstractQueuedSynchronizer$ConditionObject::enableWait (84 bytes)
Event: 3164.588 Thread 0x000002351da6dbb0 nmethod 13377 0x000002350be9f110 code [0x000002350be9f320, 0x000002350be9f958]

GC Heap History (20 events):
Event: 2557.419 GC heap before
{Heap before GC invocations=98 (full 3):
 PSYoungGen      total 15360K, used 14946K [0x00000000d5580000, 0x00000000d6680000, 0x0000000100000000)
  eden space 13312K, 99% used [0x00000000d5580000,0x00000000d627cfa8,0x00000000d6280000)
  from space 2048K, 80% used [0x00000000d6480000,0x00000000d661b970,0x00000000d6680000)
  to   space 2048K, 0% used [0x00000000d6280000,0x00000000d6280000,0x00000000d6480000)
 ParOldGen       total 175104K, used 175013K [0x0000000080000000, 0x000000008ab00000, 0x00000000d5580000)
  object space 175104K, 99% used [0x0000000080000000,0x000000008aae9740,0x000000008ab00000)
 Metaspace       used 70406K, committed 71872K, reserved 1114112K
  class space    used 7503K, committed 8128K, reserved 1048576K
}
Event: 2557.422 GC heap after
{Heap after GC invocations=98 (full 3):
 PSYoungGen      total 14848K, used 1312K [0x00000000d5580000, 0x00000000d6580000, 0x0000000100000000)
  eden space 13312K, 0% used [0x00000000d5580000,0x00000000d5580000,0x00000000d6280000)
  from space 1536K, 85% used [0x00000000d6280000,0x00000000d63c8130,0x00000000d6400000)
  to   space 1536K, 0% used [0x00000000d6400000,0x00000000d6400000,0x00000000d6580000)
 ParOldGen       total 176128K, used 175842K [0x0000000080000000, 0x000000008ac00000, 0x00000000d5580000)
  object space 176128K, 99% used [0x0000000080000000,0x000000008abb8b30,0x000000008ac00000)
 Metaspace       used 70406K, committed 71872K, reserved 1114112K
  class space    used 7503K, committed 8128K, reserved 1048576K
}
Event: 2557.746 GC heap before
{Heap before GC invocations=99 (full 3):
 PSYoungGen      total 14848K, used 14624K [0x00000000d5580000, 0x00000000d6580000, 0x0000000100000000)
  eden space 13312K, 100% used [0x00000000d5580000,0x00000000d6280000,0x00000000d6280000)
  from space 1536K, 85% used [0x00000000d6280000,0x00000000d63c8130,0x00000000d6400000)
  to   space 1536K, 0% used [0x00000000d6400000,0x00000000d6400000,0x00000000d6580000)
 ParOldGen       total 176128K, used 175842K [0x0000000080000000, 0x000000008ac00000, 0x00000000d5580000)
  object space 176128K, 99% used [0x0000000080000000,0x000000008abb8b30,0x000000008ac00000)
 Metaspace       used 70949K, committed 72320K, reserved 1114112K
  class space    used 7575K, committed 8192K, reserved 1048576K
}
Event: 2557.757 GC heap after
{Heap after GC invocations=99 (full 3):
 PSYoungGen      total 14848K, used 1172K [0x00000000d5580000, 0x00000000d6580000, 0x0000000100000000)
  eden space 13312K, 0% used [0x00000000d5580000,0x00000000d5580000,0x00000000d6280000)
  from space 1536K, 76% used [0x00000000d6400000,0x00000000d6525220,0x00000000d6580000)
  to   space 1536K, 0% used [0x00000000d6280000,0x00000000d6280000,0x00000000d6400000)
 ParOldGen       total 177152K, used 177001K [0x0000000080000000, 0x000000008ad00000, 0x00000000d5580000)
  object space 177152K, 99% used [0x0000000080000000,0x000000008acda5b8,0x000000008ad00000)
 Metaspace       used 70949K, committed 72320K, reserved 1114112K
  class space    used 7575K, committed 8192K, reserved 1048576K
}
Event: 2558.105 GC heap before
{Heap before GC invocations=100 (full 3):
 PSYoungGen      total 14848K, used 14484K [0x00000000d5580000, 0x00000000d6580000, 0x0000000100000000)
  eden space 13312K, 100% used [0x00000000d5580000,0x00000000d6280000,0x00000000d6280000)
  from space 1536K, 76% used [0x00000000d6400000,0x00000000d6525220,0x00000000d6580000)
  to   space 1536K, 0% used [0x00000000d6280000,0x00000000d6280000,0x00000000d6400000)
 ParOldGen       total 177152K, used 177001K [0x0000000080000000, 0x000000008ad00000, 0x00000000d5580000)
  object space 177152K, 99% used [0x0000000080000000,0x000000008acda5b8,0x000000008ad00000)
 Metaspace       used 71208K, committed 72640K, reserved 1114112K
  class space    used 7599K, committed 8256K, reserved 1048576K
}
Event: 2558.109 GC heap after
{Heap after GC invocations=100 (full 3):
 PSYoungGen      total 14848K, used 1076K [0x00000000d5580000, 0x00000000d6580000, 0x0000000100000000)
  eden space 13312K, 0% used [0x00000000d5580000,0x00000000d5580000,0x00000000d6280000)
  from space 1536K, 70% used [0x00000000d6280000,0x00000000d638d220,0x00000000d6400000)
  to   space 1536K, 0% used [0x00000000d6400000,0x00000000d6400000,0x00000000d6580000)
 ParOldGen       total 177664K, used 177466K [0x0000000080000000, 0x000000008ad80000, 0x00000000d5580000)
  object space 177664K, 99% used [0x0000000080000000,0x000000008ad4e980,0x000000008ad80000)
 Metaspace       used 71208K, committed 72640K, reserved 1114112K
  class space    used 7599K, committed 8256K, reserved 1048576K
}
Event: 2565.201 GC heap before
{Heap before GC invocations=101 (full 3):
 PSYoungGen      total 14848K, used 13817K [0x00000000d5580000, 0x00000000d6580000, 0x0000000100000000)
  eden space 13312K, 95% used [0x00000000d5580000,0x00000000d61f12b8,0x00000000d6280000)
  from space 1536K, 70% used [0x00000000d6280000,0x00000000d638d220,0x00000000d6400000)
  to   space 1536K, 0% used [0x00000000d6400000,0x00000000d6400000,0x00000000d6580000)
 ParOldGen       total 177664K, used 177466K [0x0000000080000000, 0x000000008ad80000, 0x00000000d5580000)
  object space 177664K, 99% used [0x0000000080000000,0x000000008ad4e980,0x000000008ad80000)
 Metaspace       used 71838K, committed 73344K, reserved 1179648K
  class space    used 7647K, committed 8320K, reserved 1048576K
}
Event: 2565.229 GC heap after
{Heap after GC invocations=101 (full 3):
 PSYoungGen      total 14848K, used 1128K [0x00000000d5580000, 0x00000000d6580000, 0x0000000100000000)
  eden space 13312K, 0% used [0x00000000d5580000,0x00000000d5580000,0x00000000d6280000)
  from space 1536K, 73% used [0x00000000d6400000,0x00000000d651a2d8,0x00000000d6580000)
  to   space 1536K, 0% used [0x00000000d6280000,0x00000000d6280000,0x00000000d6400000)
 ParOldGen       total 177664K, used 177642K [0x0000000080000000, 0x000000008ad80000, 0x00000000d5580000)
  object space 177664K, 99% used [0x0000000080000000,0x000000008ad7a9a0,0x000000008ad80000)
 Metaspace       used 71838K, committed 73344K, reserved 1179648K
  class space    used 7647K, committed 8320K, reserved 1048576K
}
Event: 2575.508 GC heap before
{Heap before GC invocations=102 (full 3):
 PSYoungGen      total 14848K, used 14440K [0x00000000d5580000, 0x00000000d6580000, 0x0000000100000000)
  eden space 13312K, 100% used [0x00000000d5580000,0x00000000d6280000,0x00000000d6280000)
  from space 1536K, 73% used [0x00000000d6400000,0x00000000d651a2d8,0x00000000d6580000)
  to   space 1536K, 0% used [0x00000000d6280000,0x00000000d6280000,0x00000000d6400000)
 ParOldGen       total 177664K, used 177642K [0x0000000080000000, 0x000000008ad80000, 0x00000000d5580000)
  object space 177664K, 99% used [0x0000000080000000,0x000000008ad7a9a0,0x000000008ad80000)
 Metaspace       used 71943K, committed 73408K, reserved 1179648K
  class space    used 7661K, committed 8320K, reserved 1048576K
}
Event: 2575.536 GC heap after
{Heap after GC invocations=102 (full 3):
 PSYoungGen      total 14848K, used 1527K [0x00000000d5580000, 0x00000000d6e80000, 0x0000000100000000)
  eden space 13312K, 0% used [0x00000000d5580000,0x00000000d5580000,0x00000000d6280000)
  from space 1536K, 99% used [0x00000000d6280000,0x00000000d63fdc10,0x00000000d6400000)
  to   space 6144K, 0% used [0x00000000d6880000,0x00000000d6880000,0x00000000d6e80000)
 ParOldGen       total 181760K, used 181298K [0x0000000080000000, 0x000000008b180000, 0x00000000d5580000)
  object space 181760K, 99% used [0x0000000080000000,0x000000008b10c9b8,0x000000008b180000)
 Metaspace       used 71943K, committed 73408K, reserved 1179648K
  class space    used 7661K, committed 8320K, reserved 1048576K
}
Event: 2578.638 GC heap before
{Heap before GC invocations=103 (full 3):
 PSYoungGen      total 14848K, used 14839K [0x00000000d5580000, 0x00000000d6e80000, 0x0000000100000000)
  eden space 13312K, 100% used [0x00000000d5580000,0x00000000d6280000,0x00000000d6280000)
  from space 1536K, 99% used [0x00000000d6280000,0x00000000d63fdc10,0x00000000d6400000)
  to   space 6144K, 0% used [0x00000000d6880000,0x00000000d6880000,0x00000000d6e80000)
 ParOldGen       total 181760K, used 181298K [0x0000000080000000, 0x000000008b180000, 0x00000000d5580000)
  object space 181760K, 99% used [0x0000000080000000,0x000000008b10c9b8,0x000000008b180000)
 Metaspace       used 72315K, committed 73728K, reserved 1179648K
  class space    used 7711K, committed 8384K, reserved 1048576K
}
Event: 2578.643 GC heap after
{Heap after GC invocations=103 (full 3):
 PSYoungGen      total 19456K, used 5727K [0x00000000d5580000, 0x00000000d6e80000, 0x0000000100000000)
  eden space 13312K, 0% used [0x00000000d5580000,0x00000000d5580000,0x00000000d6280000)
  from space 6144K, 93% used [0x00000000d6880000,0x00000000d6e17c30,0x00000000d6e80000)
  to   space 6144K, 0% used [0x00000000d6280000,0x00000000d6280000,0x00000000d6880000)
 ParOldGen       total 181760K, used 181418K [0x0000000080000000, 0x000000008b180000, 0x00000000d5580000)
  object space 181760K, 99% used [0x0000000080000000,0x000000008b12a9b8,0x000000008b180000)
 Metaspace       used 72315K, committed 73728K, reserved 1179648K
  class space    used 7711K, committed 8384K, reserved 1048576K
}
Event: 2580.012 GC heap before
{Heap before GC invocations=104 (full 3):
 PSYoungGen      total 19456K, used 19039K [0x00000000d5580000, 0x00000000d6e80000, 0x0000000100000000)
  eden space 13312K, 100% used [0x00000000d5580000,0x00000000d6280000,0x00000000d6280000)
  from space 6144K, 93% used [0x00000000d6880000,0x00000000d6e17c30,0x00000000d6e80000)
  to   space 6144K, 0% used [0x00000000d6280000,0x00000000d6280000,0x00000000d6880000)
 ParOldGen       total 181760K, used 181418K [0x0000000080000000, 0x000000008b180000, 0x00000000d5580000)
  object space 181760K, 99% used [0x0000000080000000,0x000000008b12a9b8,0x000000008b180000)
 Metaspace       used 72517K, committed 73984K, reserved 1179648K
  class space    used 7738K, committed 8384K, reserved 1048576K
}
Event: 2580.027 GC heap after
{Heap after GC invocations=104 (full 3):
 PSYoungGen      total 19456K, used 6144K [0x00000000d5580000, 0x00000000d8080000, 0x0000000100000000)
  eden space 13312K, 0% used [0x00000000d5580000,0x00000000d5580000,0x00000000d6280000)
  from space 6144K, 100% used [0x00000000d6280000,0x00000000d6880000,0x00000000d6880000)
  to   space 15360K, 0% used [0x00000000d7180000,0x00000000d7180000,0x00000000d8080000)
 ParOldGen       total 189440K, used 188981K [0x0000000080000000, 0x000000008b900000, 0x00000000d5580000)
  object space 189440K, 99% used [0x0000000080000000,0x000000008b88d608,0x000000008b900000)
 Metaspace       used 72517K, committed 73984K, reserved 1179648K
  class space    used 7738K, committed 8384K, reserved 1048576K
}
Event: 2580.604 GC heap before
{Heap before GC invocations=105 (full 3):
 PSYoungGen      total 19456K, used 19455K [0x00000000d5580000, 0x00000000d8080000, 0x0000000100000000)
  eden space 13312K, 99% used [0x00000000d5580000,0x00000000d627fff0,0x00000000d6280000)
  from space 6144K, 100% used [0x00000000d6280000,0x00000000d6880000,0x00000000d6880000)
  to   space 15360K, 0% used [0x00000000d7180000,0x00000000d7180000,0x00000000d8080000)
 ParOldGen       total 189440K, used 188981K [0x0000000080000000, 0x000000008b900000, 0x00000000d5580000)
  object space 189440K, 99% used [0x0000000080000000,0x000000008b88d608,0x000000008b900000)
 Metaspace       used 72658K, committed 74176K, reserved 1179648K
  class space    used 7753K, committed 8448K, reserved 1048576K
}
Event: 2580.617 GC heap after
{Heap after GC invocations=105 (full 3):
 PSYoungGen      total 19456K, used 5660K [0x00000000d5580000, 0x00000000d7780000, 0x0000000100000000)
  eden space 13312K, 0% used [0x00000000d5580000,0x00000000d5580000,0x00000000d6280000)
  from space 6144K, 92% used [0x00000000d7180000,0x00000000d7707010,0x00000000d7780000)
  to   space 8704K, 0% used [0x00000000d6680000,0x00000000d6680000,0x00000000d6f00000)
 ParOldGen       total 195584K, used 195189K [0x0000000080000000, 0x000000008bf00000, 0x00000000d5580000)
  object space 195584K, 99% used [0x0000000080000000,0x000000008be9d608,0x000000008bf00000)
 Metaspace       used 72658K, committed 74176K, reserved 1179648K
  class space    used 7753K, committed 8448K, reserved 1048576K
}
Event: 2581.944 GC heap before
{Heap before GC invocations=106 (full 3):
 PSYoungGen      total 19456K, used 18972K [0x00000000d5580000, 0x00000000d7780000, 0x0000000100000000)
  eden space 13312K, 100% used [0x00000000d5580000,0x00000000d6280000,0x00000000d6280000)
  from space 6144K, 92% used [0x00000000d7180000,0x00000000d7707010,0x00000000d7780000)
  to   space 8704K, 0% used [0x00000000d6680000,0x00000000d6680000,0x00000000d6f00000)
 ParOldGen       total 195584K, used 195189K [0x0000000080000000, 0x000000008bf00000, 0x00000000d5580000)
  object space 195584K, 99% used [0x0000000080000000,0x000000008be9d608,0x000000008bf00000)
 Metaspace       used 73247K, committed 74816K, reserved 1179648K
  class space    used 7820K, committed 8512K, reserved 1048576K
}
Event: 2581.959 GC heap after
{Heap after GC invocations=106 (full 3):
 PSYoungGen      total 19456K, used 5816K [0x00000000d5580000, 0x00000000d7200000, 0x0000000100000000)
  eden space 13312K, 0% used [0x00000000d5580000,0x00000000d5580000,0x00000000d6280000)
  from space 6144K, 94% used [0x00000000d6680000,0x00000000d6c2e298,0x00000000d6c80000)
  to   space 5632K, 0% used [0x00000000d6c80000,0x00000000d6c80000,0x00000000d7200000)
 ParOldGen       total 200192K, used 199761K [0x0000000080000000, 0x000000008c380000, 0x00000000d5580000)
  object space 200192K, 99% used [0x0000000080000000,0x000000008c314618,0x000000008c380000)
 Metaspace       used 73247K, committed 74816K, reserved 1179648K
  class space    used 7820K, committed 8512K, reserved 1048576K
}
Event: 2582.629 GC heap before
{Heap before GC invocations=107 (full 3):
 PSYoungGen      total 19456K, used 19128K [0x00000000d5580000, 0x00000000d7200000, 0x0000000100000000)
  eden space 13312K, 100% used [0x00000000d5580000,0x00000000d6280000,0x00000000d6280000)
  from space 6144K, 94% used [0x00000000d6680000,0x00000000d6c2e298,0x00000000d6c80000)
  to   space 5632K, 0% used [0x00000000d6c80000,0x00000000d6c80000,0x00000000d7200000)
 ParOldGen       total 223744K, used 222801K [0x0000000080000000, 0x000000008da80000, 0x00000000d5580000)
  object space 223744K, 99% used [0x0000000080000000,0x000000008d994638,0x000000008da80000)
 Metaspace       used 73354K, committed 74880K, reserved 1179648K
  class space    used 7830K, committed 8512K, reserved 1048576K
}
Event: 2582.636 GC heap after
{Heap after GC invocations=107 (full 3):
 PSYoungGen      total 16896K, used 3296K [0x00000000d5580000, 0x00000000d7000000, 0x0000000100000000)
  eden space 13312K, 0% used [0x00000000d5580000,0x00000000d5580000,0x00000000d6280000)
  from space 3584K, 91% used [0x00000000d6c80000,0x00000000d6fb8000,0x00000000d7000000)
  to   space 4608K, 0% used [0x00000000d6700000,0x00000000d6700000,0x00000000d6b80000)
 ParOldGen       total 228864K, used 228455K [0x0000000080000000, 0x000000008df80000, 0x00000000d5580000)
  object space 228864K, 99% used [0x0000000080000000,0x000000008df19fe8,0x000000008df80000)
 Metaspace       used 73354K, committed 74880K, reserved 1179648K
  class space    used 7830K, committed 8512K, reserved 1048576K
}

Dll operation events (12 events):
Event: 0.015 Loaded shared library c:\Users\HP\.trae\extensions\redhat.java-1.52.0-win32-x64\jre\21.0.9-win32-x86_64\bin\java.dll
Event: 0.114 Loaded shared library c:\Users\HP\.trae\extensions\redhat.java-1.52.0-win32-x64\jre\21.0.9-win32-x86_64\bin\zip.dll
Event: 0.146 Loaded shared library C:\Users\HP\.trae\extensions\redhat.java-1.52.0-win32-x64\jre\21.0.9-win32-x86_64\bin\instrument.dll
Event: 0.154 Loaded shared library C:\Users\HP\.trae\extensions\redhat.java-1.52.0-win32-x64\jre\21.0.9-win32-x86_64\bin\net.dll
Event: 0.156 Loaded shared library C:\Users\HP\.trae\extensions\redhat.java-1.52.0-win32-x64\jre\21.0.9-win32-x86_64\bin\nio.dll
Event: 0.160 Loaded shared library C:\Users\HP\.trae\extensions\redhat.java-1.52.0-win32-x64\jre\21.0.9-win32-x86_64\bin\zip.dll
Event: 0.184 Loaded shared library C:\Users\HP\.trae\extensions\redhat.java-1.52.0-win32-x64\jre\21.0.9-win32-x86_64\bin\jimage.dll
Event: 0.292 Loaded shared library c:\Users\HP\.trae\extensions\redhat.java-1.52.0-win32-x64\jre\21.0.9-win32-x86_64\bin\verify.dll
Event: 30.720 Loaded shared library C:\Users\HP\AppData\Roaming\Trae\User\globalStorage\redhat.java\1.52.0\config_win\org.eclipse.equinox.launcher\org.eclipse.equinox.launcher.win32.win32.x86_64_1.2.1500.v20260121-1430\eclipse_11919.dll
Event: 111.086 Loaded shared library C:\Users\HP\AppData\Local\Temp\jna-2312\jna11706337249295422792.dll
Event: 142.649 Loaded shared library C:\Users\HP\.trae\extensions\redhat.java-1.52.0-win32-x64\jre\21.0.9-win32-x86_64\bin\sunmscapi.dll
Event: 149.108 Loaded shared library C:\Users\HP\.trae\extensions\redhat.java-1.52.0-win32-x64\jre\21.0.9-win32-x86_64\bin\extnet.dll

Deoptimization events (20 events):
Event: 2862.198 Thread 0x0000023560dee6f0 Uncommon trap: trap_request=0xffffffc6 fr.pc=0x0000023511e8f24c relative=0x00000000000013ac
Event: 2862.198 Thread 0x0000023560dee6f0 Uncommon trap: reason=bimorphic_or_optimized_type_check action=maybe_recompile pc=0x0000023511e8f24c method=java.io.DataOutputStream.write([BII)V @ 7 c2
Event: 2862.198 Thread 0x0000023560dee6f0 DEOPT PACKING pc=0x0000023511e8f24c sp=0x0000003758dfefc0
Event: 2862.198 Thread 0x0000023560dee6f0 DEOPT UNPACKING pc=0x0000023511743aa2 sp=0x0000003758dfef20 mode 2
Event: 2862.198 Thread 0x0000023560dee6f0 Uncommon trap: trap_request=0xffffffc6 fr.pc=0x0000023511e6a8a0 relative=0x0000000000000a00
Event: 2862.198 Thread 0x0000023560dee6f0 Uncommon trap: reason=bimorphic_or_optimized_type_check action=maybe_recompile pc=0x0000023511e6a8a0 method=java.io.DataOutputStream.writeInt(I)V @ 19 c2
Event: 2862.198 Thread 0x0000023560dee6f0 DEOPT PACKING pc=0x0000023511e6a8a0 sp=0x0000003758dfead0
Event: 2862.198 Thread 0x0000023560dee6f0 DEOPT UNPACKING pc=0x0000023511743aa2 sp=0x0000003758dfeac8 mode 2
Event: 2862.199 Thread 0x0000023560dee6f0 Uncommon trap: trap_request=0xffffffc6 fr.pc=0x0000023511e6a8a0 relative=0x0000000000000a00
Event: 2862.199 Thread 0x0000023560dee6f0 Uncommon trap: reason=bimorphic_or_optimized_type_check action=maybe_recompile pc=0x0000023511e6a8a0 method=java.io.DataOutputStream.writeInt(I)V @ 19 c2
Event: 2862.199 Thread 0x0000023560dee6f0 DEOPT PACKING pc=0x0000023511e6a8a0 sp=0x0000003758dfea60
Event: 2862.199 Thread 0x0000023560dee6f0 DEOPT UNPACKING pc=0x0000023511743aa2 sp=0x0000003758dfea58 mode 2
Event: 2862.202 Thread 0x0000023560dee6f0 Uncommon trap: trap_request=0xffffffc6 fr.pc=0x0000023511e6823c relative=0x00000000000011bc
Event: 2862.202 Thread 0x0000023560dee6f0 Uncommon trap: reason=bimorphic_or_optimized_type_check action=maybe_recompile pc=0x0000023511e6823c method=java.io.DataOutputStream.write([BII)V @ 7 c2
Event: 2862.202 Thread 0x0000023560dee6f0 DEOPT PACKING pc=0x0000023511e6823c sp=0x0000003758dfeda0
Event: 2862.202 Thread 0x0000023560dee6f0 DEOPT UNPACKING pc=0x0000023511743aa2 sp=0x0000003758dfed00 mode 2
Event: 2863.095 Thread 0x0000023560dee6f0 Uncommon trap: trap_request=0xffffffc6 fr.pc=0x000002351230c644 relative=0x0000000000004a24
Event: 2863.095 Thread 0x0000023560dee6f0 Uncommon trap: reason=bimorphic_or_optimized_type_check action=maybe_recompile pc=0x000002351230c644 method=java.util.Properties.load0(Ljava/util/Properties$LineReader;)V @ 241 c2
Event: 2863.095 Thread 0x0000023560dee6f0 DEOPT PACKING pc=0x000002351230c644 sp=0x0000003758dff260
Event: 2863.098 Thread 0x0000023560dee6f0 DEOPT UNPACKING pc=0x0000023511743aa2 sp=0x0000003758dff290 mode 2

Classes loaded (20 events):
Event: 2582.019 Loading class java/nio/file/attribute/PosixFileAttributes
Event: 2582.021 Loading class java/nio/file/attribute/PosixFileAttributes done
Event: 2582.618 Loading class java/util/ImmutableCollections$SubList
Event: 2582.621 Loading class java/util/ImmutableCollections$SubList done
Event: 2859.685 Loading class java/util/stream/Nodes$CollectorTask$OfRef
Event: 2859.705 Loading class java/util/stream/Nodes$CollectorTask
Event: 2860.991 Loading class java/util/stream/Nodes$CollectorTask done
Event: 2860.992 Loading class java/util/stream/Nodes$CollectorTask$OfRef done
Event: 2861.066 Loading class java/util/function/LongFunction
Event: 2861.105 Loading class java/util/function/LongFunction done
Event: 2861.217 Loading class java/util/stream/Nodes$ConcNode
Event: 2861.285 Loading class java/util/stream/Nodes$AbstractConcNode
Event: 2861.371 Loading class java/util/stream/Nodes$AbstractConcNode done
Event: 2861.374 Loading class java/util/stream/Nodes$ConcNode done
Event: 2861.750 Loading class java/io/ObjectOutputStream$BlockDataOutputStream
Event: 2861.761 Loading class java/io/ObjectOutputStream$BlockDataOutputStream done
Event: 2861.761 Loading class java/io/ObjectOutputStream$HandleTable
Event: 2861.762 Loading class java/io/ObjectOutputStream$HandleTable done
Event: 2861.763 Loading class java/io/ObjectOutputStream$ReplaceTable
Event: 2861.764 Loading class java/io/ObjectOutputStream$ReplaceTable done

Classes unloaded (7 events):
Event: 119.159 Thread 0x000002351da330a0 Unloading class 0x000002351f1b1400 'java/lang/invoke/LambdaForm$MH+0x000002351f1b1400'
Event: 119.159 Thread 0x000002351da330a0 Unloading class 0x000002351f1b1000 'java/lang/invoke/LambdaForm$MH+0x000002351f1b1000'
Event: 119.159 Thread 0x000002351da330a0 Unloading class 0x000002351f1b0c00 'java/lang/invoke/LambdaForm$MH+0x000002351f1b0c00'
Event: 119.159 Thread 0x000002351da330a0 Unloading class 0x000002351f1b0800 'java/lang/invoke/LambdaForm$MH+0x000002351f1b0800'
Event: 119.159 Thread 0x000002351da330a0 Unloading class 0x000002351f1b0400 'java/lang/invoke/LambdaForm$BMH+0x000002351f1b0400'
Event: 119.159 Thread 0x000002351da330a0 Unloading class 0x000002351f1b0000 'java/lang/invoke/LambdaForm$DMH+0x000002351f1b0000'
Event: 119.159 Thread 0x000002351da330a0 Unloading class 0x000002351f1aec00 'java/lang/invoke/LambdaForm$DMH+0x000002351f1aec00'

Classes redefined (0 events):
No events

Internal exceptions (20 events):
Event: 2557.705 Thread 0x00000235670d0ff0 Exception <a 'java/lang/IncompatibleClassChangeError'{0x00000000d608e068}: Found class java.lang.Object, but interface was expected> (0x00000000d608e068) 
thrown [s\src\hotspot\share\interpreter\linkResolver.cpp, line 840]
Event: 2557.888 Thread 0x00000235670d0ff0 Exception <a 'sun/nio/fs/WindowsException'{0x00000000d5ddeea8}> (0x00000000d5ddeea8) 
thrown [s\src\hotspot\share\prims\jni.cpp, line 520]
Event: 2557.891 Thread 0x00000235670d0ff0 Exception <a 'sun/nio/fs/WindowsException'{0x00000000d5ddf788}> (0x00000000d5ddf788) 
thrown [s\src\hotspot\share\prims\jni.cpp, line 520]
Event: 2558.029 Thread 0x0000023560df14e0 Implicit null exception at 0x0000023512443f62 to 0x00000235124443a0
Event: 2558.059 Thread 0x0000023560df14e0 Implicit null exception at 0x00000235124c789e to 0x00000235124c8514
Event: 2558.158 Thread 0x0000023560df14e0 Implicit null exception at 0x00000235124cd5fd to 0x00000235124cda24
Event: 2576.918 Thread 0x00000235660e22a0 Exception <a 'java/lang/NoSuchMethodError'{0x00000000d5a26640}: 'java.lang.Object java.lang.invoke.DirectMethodHandle$Holder.newInvokeSpecial(java.lang.Object, java.lang.Object, int, java.lang.Object, java.lang.Object)'> (0x00000000d5a26640) 
thrown [s\src\hotspot\share\interpreter\linkResolver.cpp, line 773]
Event: 2577.035 Thread 0x00000235660e22a0 Exception <a 'java/lang/NoSuchMethodError'{0x00000000d5a3fba0}: 'java.lang.Object java.lang.invoke.DirectMethodHandle$Holder.invokeSpecial(java.lang.Object, java.lang.Object, java.lang.Object, int, java.lang.Object, java.lang.Object, java.lang.Object)'> (0x00000000d5a3fba0) 
thrown [s\src\hotspot\share\interpreter\linkResolver.cpp, line 773]
Event: 2577.303 Thread 0x00000235660e22a0 Exception <a 'java/lang/NoSuchMethodError'{0x00000000d5abfb78}: 'void java.lang.invoke.DirectMethodHandle$Holder.invokeStatic(java.lang.Object, int)'> (0x00000000d5abfb78) 
thrown [s\src\hotspot\share\interpreter\linkResolver.cpp, line 773]
Event: 2577.899 Thread 0x0000023560df14e0 Exception <a 'sun/nio/fs/WindowsException'{0x00000000d5b69ac8}> (0x00000000d5b69ac8) 
thrown [s\src\hotspot\share\prims\jni.cpp, line 520]
Event: 2579.940 Thread 0x00000235660e22a0 Exception <a 'java/io/FileNotFoundException'{0x00000000d6114a68}> (0x00000000d6114a68) 
thrown [s\src\hotspot\share\prims\jni.cpp, line 520]
Event: 2579.941 Thread 0x00000235660e22a0 Exception <a 'java/io/FileNotFoundException'{0x00000000d6115d28}> (0x00000000d6115d28) 
thrown [s\src\hotspot\share\prims\jni.cpp, line 520]
Event: 2579.942 Thread 0x00000235660e22a0 Exception <a 'java/io/FileNotFoundException'{0x00000000d6116d38}> (0x00000000d6116d38) 
thrown [s\src\hotspot\share\prims\jni.cpp, line 520]
Event: 2580.119 Thread 0x00000235660e22a0 Implicit null exception at 0x00000235122cfa95 to 0x00000235122d0084
Event: 2583.062 Thread 0x0000023560df14e0 Exception <a 'sun/nio/fs/WindowsException'{0x00000000d5b49fd0}> (0x00000000d5b49fd0) 
thrown [s\src\hotspot\share\prims\jni.cpp, line 520]
Event: 2861.679 Thread 0x0000023560dee6f0 Exception <a 'sun/nio/fs/WindowsException'{0x00000000d5caef08}> (0x00000000d5caef08) 
thrown [s\src\hotspot\share\prims\jni.cpp, line 520]
Event: 2861.682 Thread 0x0000023560dee6f0 Exception <a 'sun/nio/fs/WindowsException'{0x00000000d5cafa48}> (0x00000000d5cafa48) 
thrown [s\src\hotspot\share\prims\jni.cpp, line 520]
Event: 2861.704 Thread 0x0000023560dee6f0 Implicit null exception at 0x00000235124b22a1 to 0x00000235124b25a8
Event: 2862.124 Thread 0x0000023560dee6f0 Exception <a 'java/lang/NoSuchMethodError'{0x00000000d5d5d248}: static [J.<clinit>()V> (0x00000000d5d5d248) 
thrown [s\src\hotspot\share\prims\jni.cpp, line 1111]
Event: 2862.241 Thread 0x0000023560dee6f0 Exception <a 'java/lang/NoSuchMethodError'{0x00000000d5d96208}: 'java.lang.Object java.lang.invoke.DirectMethodHandle$Holder.newInvokeSpecial(java.lang.Object, java.lang.Object, java.lang.Object, java.lang.Object, java.lang.Object, java.lang.Object, java.lang.Object, java.lang.Object)'> (0x00000000d5d96208) 
thrown [s\src\hotspot\share\interpreter\linkResolver.cpp, line 773]

ZGC Phase Switch (0 events):
No events

VM Operations (20 events):
Event: 3212.575 Executing VM operation: HandshakeAllThreads (HandshakeForDeflation)
Event: 3212.579 Executing VM operation: HandshakeAllThreads (HandshakeForDeflation) done
Event: 3212.579 Executing VM operation: RendezvousGCThreads
Event: 3212.580 Executing VM operation: RendezvousGCThreads done
Event: 3272.677 Executing VM operation: HandshakeAllThreads (HandshakeForDeflation)
Event: 3272.682 Executing VM operation: HandshakeAllThreads (HandshakeForDeflation) done
Event: 3272.683 Executing VM operation: RendezvousGCThreads
Event: 3272.683 Executing VM operation: RendezvousGCThreads done
Event: 3332.877 Executing VM operation: HandshakeAllThreads (HandshakeForDeflation)
Event: 3332.880 Executing VM operation: HandshakeAllThreads (HandshakeForDeflation) done
Event: 3332.880 Executing VM operation: RendezvousGCThreads
Event: 3332.880 Executing VM operation: RendezvousGCThreads done
Event: 3393.036 Executing VM operation: HandshakeAllThreads (HandshakeForDeflation)
Event: 3393.041 Executing VM operation: HandshakeAllThreads (HandshakeForDeflation) done
Event: 3393.041 Executing VM operation: RendezvousGCThreads
Event: 3393.041 Executing VM operation: RendezvousGCThreads done
Event: 3453.261 Executing VM operation: HandshakeAllThreads (HandshakeForDeflation)
Event: 3453.264 Executing VM operation: HandshakeAllThreads (HandshakeForDeflation) done
Event: 3453.264 Executing VM operation: RendezvousGCThreads
Event: 3453.265 Executing VM operation: RendezvousGCThreads done

Memory protections (0 events):
No events

Nmethod flushes (20 events):
Event: 160.941 Thread 0x000002351da330a0 flushing  nmethod 0x000002350ab42c10
Event: 160.941 Thread 0x000002351da330a0 flushing  nmethod 0x000002350ab43090
Event: 160.941 Thread 0x000002351da330a0 flushing  nmethod 0x000002350ab43610
Event: 160.941 Thread 0x000002351da330a0 flushing  nmethod 0x000002350ab43c10
Event: 160.941 Thread 0x000002351da330a0 flushing  nmethod 0x000002350ab44010
Event: 160.941 Thread 0x000002351da330a0 flushing  nmethod 0x000002350ab44610
Event: 160.941 Thread 0x000002351da330a0 flushing  nmethod 0x000002350ab45b90
Event: 160.941 Thread 0x000002351da330a0 flushing  nmethod 0x000002350ab6a610
Event: 160.941 Thread 0x000002351da330a0 flushing osr nmethod 0x000002350abbc790
Event: 160.941 Thread 0x000002351da330a0 flushing  nmethod 0x000002350abc4110
Event: 160.941 Thread 0x000002351da330a0 flushing  nmethod 0x000002350abc6b90
Event: 160.941 Thread 0x000002351da330a0 flushing  nmethod 0x000002350abc9710
Event: 160.941 Thread 0x000002351da330a0 flushing  nmethod 0x000002350abe3910
Event: 160.941 Thread 0x000002351da330a0 flushing  nmethod 0x000002350abe9c10
Event: 160.941 Thread 0x000002351da330a0 flushing  nmethod 0x000002350ac2ae10
Event: 160.941 Thread 0x000002351da330a0 flushing  nmethod 0x000002350ac2f990
Event: 160.941 Thread 0x000002351da330a0 flushing  nmethod 0x000002350ac32810
Event: 160.941 Thread 0x000002351da330a0 flushing  nmethod 0x000002350ac32b90
Event: 160.941 Thread 0x000002351da330a0 flushing  nmethod 0x000002350ac49590
Event: 160.941 Thread 0x000002351da330a0 flushing  nmethod 0x000002350ac5df90

Events (20 events):
Event: 2580.716 Thread 0x00000235674d9640 Thread exited: 0x00000235674d9640
Event: 2580.716 Thread 0x00000235674db080 Thread exited: 0x00000235674db080
Event: 2580.716 Thread 0x00000235674d8920 Thread exited: 0x00000235674d8920
Event: 2580.716 Thread 0x00000235674db710 Thread exited: 0x00000235674db710
Event: 2580.716 Thread 0x00000235674dc430 Thread exited: 0x00000235674dc430
Event: 2626.834 Thread 0x00000235660dda70 Thread exited: 0x00000235660dda70
Event: 2636.299 Thread 0x00000235674da9f0 Thread exited: 0x00000235674da9f0
Event: 2642.889 Thread 0x00000235660e22a0 Thread exited: 0x00000235660e22a0
Event: 2643.096 Thread 0x0000023560df0130 Thread exited: 0x0000023560df0130
Event: 2686.844 Thread 0x00000235660e1580 Thread exited: 0x00000235660e1580
Event: 2746.929 Thread 0x00000235660dfb40 Thread exited: 0x00000235660dfb40
Event: 2807.067 Thread 0x00000235660de790 Thread exited: 0x00000235660de790
Event: 2858.869 Thread 0x00000235670cfc40 Thread exited: 0x00000235670cfc40
Event: 2859.620 Thread 0x0000023560dee6f0 Thread added: 0x00000235674da360
Event: 2861.420 Thread 0x00000235674da360 Thread exited: 0x00000235674da360
Event: 2861.717 Thread 0x0000023560dee6f0 Thread added: 0x00000235674da360
Event: 2861.725 Thread 0x00000235674da360 Thread exited: 0x00000235674da360
Event: 2867.011 Thread 0x00000235660dee20 Thread exited: 0x00000235660dee20
Event: 2927.025 Thread 0x00000235660de100 Thread exited: 0x00000235660de100
Event: 2987.136 Thread 0x00000235660dc6c0 Thread exited: 0x00000235660dc6c0


Dynamic libraries:
0x00007ff74c3d0000 - 0x00007ff74c3de000 	c:\Users\HP\.trae\extensions\redhat.java-1.52.0-win32-x64\jre\21.0.9-win32-x86_64\bin\java.exe
0x00007ff8f8460000 - 0x00007ff8f86c8000 	C:\WINDOWS\SYSTEM32\ntdll.dll
0x00007ff8f6cc0000 - 0x00007ff8f6d89000 	C:\WINDOWS\System32\KERNEL32.DLL
0x00007ff8f5e00000 - 0x00007ff8f61f1000 	C:\WINDOWS\System32\KERNELBASE.dll
0x00007ff8f5440000 - 0x00007ff8f558b000 	C:\WINDOWS\System32\ucrtbase.dll
0x00007ff8b9f40000 - 0x00007ff8b9f58000 	c:\Users\HP\.trae\extensions\redhat.java-1.52.0-win32-x64\jre\21.0.9-win32-x86_64\bin\jli.dll
0x00007ff8f8140000 - 0x00007ff8f8306000 	C:\WINDOWS\System32\USER32.dll
0x00007ff8f5360000 - 0x00007ff8f5387000 	C:\WINDOWS\System32\win32u.dll
0x00007ff8f6a30000 - 0x00007ff8f6a5b000 	C:\WINDOWS\System32\GDI32.dll
0x00007ff8dc2d0000 - 0x00007ff8dc2ee000 	c:\Users\HP\.trae\extensions\redhat.java-1.52.0-win32-x64\jre\21.0.9-win32-x86_64\bin\VCRUNTIME140.dll
0x00007ff8f4ff0000 - 0x00007ff8f511b000 	C:\WINDOWS\System32\gdi32full.dll
0x00007ff8f5390000 - 0x00007ff8f5433000 	C:\WINDOWS\System32\msvcp_win.dll
0x00007ff8d73a0000 - 0x00007ff8d7633000 	C:\WINDOWS\WinSxS\amd64_microsoft.windows.common-controls_6595b64144ccf1df_6.0.26100.7824_none_3e0870b2e3345462\COMCTL32.dll
0x00007ff8f6a60000 - 0x00007ff8f6b09000 	C:\WINDOWS\System32\msvcrt.dll
0x00007ff8f8370000 - 0x00007ff8f83a1000 	C:\WINDOWS\System32\IMM32.DLL
0x00007ff8d5e30000 - 0x00007ff8d5e3c000 	c:\Users\HP\.trae\extensions\redhat.java-1.52.0-win32-x64\jre\21.0.9-win32-x86_64\bin\vcruntime140_1.dll
0x00007ff800000000 - 0x00007ff80008d000 	c:\Users\HP\.trae\extensions\redhat.java-1.52.0-win32-x64\jre\21.0.9-win32-x86_64\bin\msvcp140.dll
0x00007ffff09c0000 - 0x00007ffff1760000 	c:\Users\HP\.trae\extensions\redhat.java-1.52.0-win32-x64\jre\21.0.9-win32-x86_64\bin\server\jvm.dll
0x00007ff8f8080000 - 0x00007ff8f8134000 	C:\WINDOWS\System32\ADVAPI32.dll
0x00007ff8f6c10000 - 0x00007ff8f6cb6000 	C:\WINDOWS\System32\sechost.dll
0x00007ff8f63a0000 - 0x00007ff8f64b8000 	C:\WINDOWS\System32\RPCRT4.dll
0x00007ff8f64c0000 - 0x00007ff8f6534000 	C:\WINDOWS\System32\WS2_32.dll
0x00007ff8eac50000 - 0x00007ff8eac85000 	C:\WINDOWS\SYSTEM32\WINMM.dll
0x00007ff8f4ba0000 - 0x00007ff8f4bfe000 	C:\WINDOWS\SYSTEM32\POWRPROF.dll
0x00007ff8e3190000 - 0x00007ff8e319b000 	C:\WINDOWS\SYSTEM32\VERSION.dll
0x00007ff8f4b80000 - 0x00007ff8f4b94000 	C:\WINDOWS\SYSTEM32\UMPDC.dll
0x00007ff8f3ae0000 - 0x00007ff8f3afb000 	C:\WINDOWS\SYSTEM32\kernel.appcore.dll
0x00007ff8d5d00000 - 0x00007ff8d5d0a000 	c:\Users\HP\.trae\extensions\redhat.java-1.52.0-win32-x64\jre\21.0.9-win32-x86_64\bin\jimage.dll
0x00007ff8f2c00000 - 0x00007ff8f2e42000 	C:\WINDOWS\SYSTEM32\DBGHELP.DLL
0x00007ff8f74f0000 - 0x00007ff8f7876000 	C:\WINDOWS\System32\combase.dll
0x00007ff8f7f90000 - 0x00007ff8f8067000 	C:\WINDOWS\System32\OLEAUT32.dll
0x00007ff8cc320000 - 0x00007ff8cc35b000 	C:\WINDOWS\SYSTEM32\dbgcore.DLL
0x00007ff8f4eb0000 - 0x00007ff8f4f55000 	C:\WINDOWS\System32\bcryptPrimitives.dll
0x00007ff8d5bd0000 - 0x00007ff8d5bdf000 	c:\Users\HP\.trae\extensions\redhat.java-1.52.0-win32-x64\jre\21.0.9-win32-x86_64\bin\instrument.dll
0x00007ff8aabc0000 - 0x00007ff8aabe0000 	c:\Users\HP\.trae\extensions\redhat.java-1.52.0-win32-x64\jre\21.0.9-win32-x86_64\bin\java.dll
0x00007ff8f6d90000 - 0x00007ff8f74e2000 	C:\WINDOWS\System32\SHELL32.dll
0x00007ff8f4d40000 - 0x00007ff8f4eaa000 	C:\WINDOWS\System32\wintypes.dll
0x00007ff8f5590000 - 0x00007ff8f5df3000 	C:\WINDOWS\System32\windows.storage.dll
0x00007ff8f6b10000 - 0x00007ff8f6c06000 	C:\WINDOWS\System32\SHCORE.dll
0x00007ff8f83b0000 - 0x00007ff8f8417000 	C:\WINDOWS\System32\shlwapi.dll
0x00007ff8f4c60000 - 0x00007ff8f4c89000 	C:\WINDOWS\SYSTEM32\profapi.dll
0x00007ff890ca0000 - 0x00007ff890cb8000 	c:\Users\HP\.trae\extensions\redhat.java-1.52.0-win32-x64\jre\21.0.9-win32-x86_64\bin\zip.dll
0x00007ff8d5200000 - 0x00007ff8d5210000 	C:\Users\HP\.trae\extensions\redhat.java-1.52.0-win32-x64\jre\21.0.9-win32-x86_64\bin\net.dll
0x00007ff8ea290000 - 0x00007ff8ea3b7000 	C:\WINDOWS\SYSTEM32\WINHTTP.dll
0x00007ff8f4050000 - 0x00007ff8f40bb000 	C:\WINDOWS\system32\mswsock.dll
0x00007ff88be00000 - 0x00007ff88be16000 	C:\Users\HP\.trae\extensions\redhat.java-1.52.0-win32-x64\jre\21.0.9-win32-x86_64\bin\nio.dll
0x00007ff8d4290000 - 0x00007ff8d42a0000 	c:\Users\HP\.trae\extensions\redhat.java-1.52.0-win32-x64\jre\21.0.9-win32-x86_64\bin\verify.dll
0x00007ff885b70000 - 0x00007ff885bb5000 	C:\Users\HP\AppData\Roaming\Trae\User\globalStorage\redhat.java\1.52.0\config_win\org.eclipse.equinox.launcher\org.eclipse.equinox.launcher.win32.win32.x86_64_1.2.1500.v20260121-1430\eclipse_11919.dll
0x00007ff8f6200000 - 0x00007ff8f6397000 	C:\WINDOWS\System32\ole32.dll
0x00007ff8f4330000 - 0x00007ff8f434b000 	C:\WINDOWS\SYSTEM32\CRYPTSP.dll
0x00007ff8f3a40000 - 0x00007ff8f3a79000 	C:\WINDOWS\system32\rsaenh.dll
0x00007ff8f4100000 - 0x00007ff8f412b000 	C:\WINDOWS\SYSTEM32\USERENV.dll
0x00007ff8f4c30000 - 0x00007ff8f4c5a000 	C:\WINDOWS\SYSTEM32\bcrypt.dll
0x00007ff8f4320000 - 0x00007ff8f432c000 	C:\WINDOWS\SYSTEM32\CRYPTBASE.dll
0x00007ff8f35b0000 - 0x00007ff8f35e4000 	C:\WINDOWS\SYSTEM32\IPHLPAPI.DLL
0x00007ff8f7ae0000 - 0x00007ff8f7aea000 	C:\WINDOWS\System32\NSI.dll
0x00007ff875760000 - 0x00007ff8757a9000 	C:\Users\HP\AppData\Local\Temp\jna-2312\jna11706337249295422792.dll
0x00007ff8f6540000 - 0x00007ff8f6548000 	C:\WINDOWS\System32\PSAPI.DLL
0x00007ff8ea4b0000 - 0x00007ff8ea4ce000 	C:\WINDOWS\SYSTEM32\dhcpcsvc6.DLL
0x00007ff8ea480000 - 0x00007ff8ea4a3000 	C:\WINDOWS\SYSTEM32\dhcpcsvc.DLL
0x00007ff8d3d70000 - 0x00007ff8d3d7e000 	C:\Users\HP\.trae\extensions\redhat.java-1.52.0-win32-x64\jre\21.0.9-win32-x86_64\bin\sunmscapi.dll
0x00007ff8f51e0000 - 0x00007ff8f5357000 	C:\WINDOWS\System32\CRYPT32.dll
0x00007ff8f4540000 - 0x00007ff8f4570000 	C:\WINDOWS\SYSTEM32\ncrypt.dll
0x00007ff8f44f0000 - 0x00007ff8f452f000 	C:\WINDOWS\SYSTEM32\NTASN1.dll
0x00007ff8f35f0000 - 0x00007ff8f371c000 	C:\WINDOWS\SYSTEM32\DNSAPI.dll
0x00007ff8ea470000 - 0x00007ff8ea47b000 	C:\Windows\System32\rasadhlp.dll
0x00007ff8eaad0000 - 0x00007ff8eab56000 	C:\WINDOWS\System32\fwpuclnt.dll
0x00007ff8ce860000 - 0x00007ff8ce869000 	C:\Users\HP\.trae\extensions\redhat.java-1.52.0-win32-x64\jre\21.0.9-win32-x86_64\bin\extnet.dll

JVMTI agents:
c:\Users\HP\.trae\extensions\redhat.java-1.52.0-win32-x64\lombok\lombok-1.18.39-4050.jar path:c:\Users\HP\.trae\extensions\redhat.java-1.52.0-win32-x64\jre\21.0.9-win32-x86_64\bin\instrument.dll, loaded, initialized, instrumentlib options:none

dbghelp: loaded successfully - version: 4.0.5 - missing functions: none
symbol engine: initialized successfully - sym options: 0x614 - pdb path: .;c:\Users\HP\.trae\extensions\redhat.java-1.52.0-win32-x64\jre\21.0.9-win32-x86_64\bin;C:\WINDOWS\SYSTEM32;C:\WINDOWS\WinSxS\amd64_microsoft.windows.common-controls_6595b64144ccf1df_6.0.26100.7824_none_3e0870b2e3345462;c:\Users\HP\.trae\extensions\redhat.java-1.52.0-win32-x64\jre\21.0.9-win32-x86_64\bin\server;C:\Users\HP\AppData\Roaming\Trae\User\globalStorage\redhat.java\1.52.0\config_win\org.eclipse.equinox.launcher\org.eclipse.equinox.launcher.win32.win32.x86_64_1.2.1500.v20260121-1430;C:\Users\HP\AppData\Local\Temp\jna-2312

VM Arguments:
jvm_args: --add-modules=ALL-SYSTEM --add-opens=java.base/java.util=ALL-UNNAMED --add-opens=java.base/java.lang=ALL-UNNAMED --add-opens=java.base/sun.nio.fs=ALL-UNNAMED -Declipse.application=org.eclipse.jdt.ls.core.id1 -Dosgi.bundles.defaultStartLevel=4 -Declipse.product=org.eclipse.jdt.ls.core.product -Djava.import.generatesMetadataFilesAtProjectRoot=false -DDetectVMInstallationsJob.disabled=true -Dfile.encoding=utf8 -XX:+UseParallelGC -XX:GCTimeRatio=4 -XX:AdaptiveSizePolicyWeight=90 -Dsun.zip.disableMemoryMapping=true -Xmx2G -Xms100m -Xlog:disable -javaagent:c:\Users\HP\.trae\extensions\redhat.java-1.52.0-win32-x64\lombok\lombok-1.18.39-4050.jar -XX:+HeapDumpOnOutOfMemoryError -XX:HeapDumpPath=c:\Users\HP\AppData\Roaming\Trae\User\workspaceStorage\bbe77467eb377a852b20a3a7a26ae698\redhat.java -Daether.dependencyCollector.impl=bf 
java_command: c:\Users\HP\.trae\extensions\redhat.java-1.52.0-win32-x64\server\plugins\org.eclipse.equinox.launcher_1.7.100.v20251111-0406.jar -configuration c:\Users\HP\AppData\Roaming\Trae\User\globalStorage\redhat.java\1.52.0\config_win -data c:\Users\HP\AppData\Roaming\Trae\User\workspaceStorage\bbe77467eb377a852b20a3a7a26ae698\redhat.java\jdt_ws --pipe=\\.\pipe\lsp-4e9e015034d8c09d94bdda5bbfcc8b35-sock
java_class_path (initial): c:\Users\HP\.trae\extensions\redhat.java-1.52.0-win32-x64\server\plugins\org.eclipse.equinox.launcher_1.7.100.v20251111-0406.jar
Launcher Type: SUN_STANDARD

[Global flags]
    uintx AdaptiveSizePolicyWeight                 = 90                                        {product} {command line}
     intx CICompilerCount                          = 4                                         {product} {ergonomic}
    uintx GCTimeRatio                              = 4                                         {product} {command line}
     bool HeapDumpOnOutOfMemoryError               = true                                   {manageable} {command line}
    ccstr HeapDumpPath                             = c:\Users\HP\AppData\Roaming\Trae\User\workspaceStorage\bbe77467eb377a852b20a3a7a26ae698\redhat.java         {manageable} {command line}
   size_t InitialHeapSize                          = 104857600                                 {product} {command line}
   size_t MaxHeapSize                              = 2147483648                                {product} {command line}
   size_t MaxNewSize                               = 715653120                                 {product} {ergonomic}
   size_t MinHeapDeltaBytes                        = 524288                                    {product} {ergonomic}
   size_t MinHeapSize                              = 104857600                                 {product} {command line}
   size_t NewSize                                  = 34603008                                  {product} {ergonomic}
    uintx NonNMethodCodeHeapSize                   = 5839372                                {pd product} {ergonomic}
    uintx NonProfiledCodeHeapSize                  = 122909434                              {pd product} {ergonomic}
   size_t OldSize                                  = 70254592                                  {product} {ergonomic}
    uintx ProfiledCodeHeapSize                     = 122909434                              {pd product} {ergonomic}
    uintx ReservedCodeCacheSize                    = 251658240                              {pd product} {ergonomic}
     bool SegmentedCodeCache                       = true                                      {product} {ergonomic}
   size_t SoftMaxHeapSize                          = 2147483648                             {manageable} {ergonomic}
     bool UseCompressedOops                        = true                           {product lp64_product} {ergonomic}
     bool UseLargePagesIndividualAllocation        = false                                  {pd product} {ergonomic}
     bool UseParallelGC                            = true                                      {product} {command line}

Logging:
Log output configuration:
 #0: stdout all=off uptime,level,tags foldmultilines=false
 #1: stderr all=off uptime,level,tags foldmultilines=false

Release file:
JAVA_VERSION="21.0.9" 
MODULES="java.base java.compiler java.datatransfer java.xml java.prefs java.desktop java.instrument java.logging java.management java.security.sasl java.naming java.rmi java.management.rmi java.net.http java.scripting java.security.jgss java.transaction.xa java.sql java.sql.rowset java.xml.crypto java.se java.smartcardio jdk.accessibility jdk.internal.jvmstat jdk.attach jdk.charsets jdk.internal.opt jdk.zipfs jdk.compiler jdk.crypto.ec jdk.crypto.cryptoki jdk.crypto.mscapi jdk.dynalink jdk.internal.ed jdk.editpad jdk.hotspot.agent jdk.httpserver jdk.internal.le jdk.internal.vm.ci jdk.internal.vm.compiler jdk.internal.vm.compiler.management jdk.jartool jdk.javadoc jdk.jcmd jdk.management jdk.management.agent jdk.jconsole jdk.jdeps jdk.jdwp.agent jdk.jdi jdk.jfr jdk.jshell jdk.jsobject jdk.jstatd jdk.localedata jdk.management.jfr jdk.naming.dns jdk.naming.rmi jdk.net jdk.nio.mapmode jdk.random jdk.sctp jdk.security.auth jdk.security.jgss jdk.unsupported jdk.unsupported.desktop jdk.xml.dom" 

Environment Variables:
PATH=c:\Users\HP\.trae\tools\trae-gopls\current;c:\Users\HP\.trae\sdks\workspaces\bbe77467\versions\node\current;c:\Users\HP\.trae\sdks\versions\node\current;C:\Program Files\Common Files\Oracle\Java\javapath;C:\Program Files\Eclipse Adoptium\jdk-21.0.7.6-hotspot\bin;C:\Program Files (x86)\VMware\VMware Workstation\bin\;C:\WINDOWS\system32;C:\WINDOWS;C:\WINDOWS\System32\Wbem;C:\WINDOWS\System32\WindowsPowerShell\v1.0\;C:\WINDOWS\System32\OpenSSH\;C:\Program Files\Git\cmd;C:\src\flutter\bin;C:\Users\HP\AppData\Local\Pub\Cache\bin;C:\KotlinCompiler\kotlinc\bin;C:\xampp\php;C:\ProgramData\ComposerSetup\bin;C:\Program Files\nodejs\;C:\Program Files\dotnet\;C:\Program Files (x86)\Microsoft SQL Server\160\Tools\Binn\;C:\Program Files\Microsoft SQL Server\160\Tools\Binn\;C:\Program Files\Microsoft SQL Server\Client SDK\ODBC\170\Tools\Binn\;C:\Program Files\Microsoft SQL Server\160\DTS\Binn\;c:\Users\HP\AppData\Local\Programs\cursor\resources\app\codeBin;C:\Users\HP\AppData\Local\Programs\Python\Python313\Scripts\;C:\Users\HP\AppData\Local\Programs\Python\Python313\;C:\Users\HP\AppData\Local\Microsoft\WindowsApps;C:\Users\HP\AppData\Local\GitHubDesktop\bin;C:\Users\HP\AppData\Roaming\Composer\vendor\bin;C:\Program Files\heroku\bin;C:\Users\HP\AppData\Roaming\npm;C:\Users\HP\AppData\Local\Programs\cursor\resources\app\bin;C:\Users\HP\AppData\Local\Microsoft\WindowsApps;C:\Program Files\JetBrains\IntelliJ IDEA 2025.2.1\bin;C:\Users\HP\AppData\Local\Programs\Microsoft VS Code\bin;c:\Users\HP\AppData\Local\Programs\Trae\resources\app\bin\lib
USERNAME=HP
OS=Windows_NT
PROCESSOR_IDENTIFIER=Intel64 Family 6 Model 154 Stepping 4, GenuineIntel
TMP=C:\Users\HP\AppData\Local\Temp
TEMP=C:\Users\HP\AppData\Local\Temp




Periodic native trim disabled

---------------  S Y S T E M  ---------------

OS:
 Windows 11 , 64 bit Build 26100 (10.0.26100.7705)
OS uptime: 0 days 14:13 hours

CPU: total 8 (initial active 8) (4 cores per cpu, 2 threads per core) family 6 model 154 stepping 4 microcode 0x42c, cx8, cmov, fxsr, ht, mmx, 3dnowpref, sse, sse2, sse3, ssse3, sse4.1, sse4.2, popcnt, lzcnt, tsc, tscinvbit, avx, avx2, aes, erms, clmul, bmi1, bmi2, adx, sha, fma, vzeroupper, clflush, clflushopt, clwb, serialize, rdtscp, rdpid, fsrm, f16c, pku, cet_ibt, cet_ss
Processor Information for processor 0
  Max Mhz: 1200, Current Mhz: 1200, Mhz Limit: 1200
Processor Information for processor 1
  Max Mhz: 1200, Current Mhz: 1200, Mhz Limit: 1200
Processor Information for processor 2
  Max Mhz: 1200, Current Mhz: 1200, Mhz Limit: 1200
Processor Information for processor 3
  Max Mhz: 1200, Current Mhz: 1200, Mhz Limit: 1200
Processor Information for processor 4
  Max Mhz: 1200, Current Mhz: 900, Mhz Limit: 900
Processor Information for processor 5
  Max Mhz: 1200, Current Mhz: 900, Mhz Limit: 900
Processor Information for processor 6
  Max Mhz: 1200, Current Mhz: 900, Mhz Limit: 900
Processor Information for processor 7
  Max Mhz: 1200, Current Mhz: 900, Mhz Limit: 900

Memory: 4k page, system-wide physical 7863M (803M free)
TotalPageFile size 30517M (AvailPageFile size 90M)
current process WorkingSet (physical memory assigned to process): 8M, peak: 381M
current process commit charge ("private bytes"): 553M, peak: 555M

vm_info: OpenJDK 64-Bit Server VM (21.0.9+10-LTS) for windows-amd64 JRE (21.0.9+10-LTS), built on 2025-10-21T00:00:00Z by "admin" with unknown MS VC++:1942

END.
